// Jest Snapshot v1, https://goo.gl/fbAQLP

exports[`Portal renders locally when \`disabled\` prop is true 1`] = `"<span class=\\"test-span\\">Test</span>"`;
